// Jest Snapshot v1, https://goo.gl/fbAQLP

exports[`Portal should render the Portal component 1`] = `<div />`;
