// Jest Snapshot v1, https://goo.gl/fbAQLP

exports[`BookmarkTable renders without crashing 1`] = `
<table
  class="sc-AxjAm doFumh"
>
  <tbody>
    <tr
      class="sc-AxirZ dPZPVA"
    >
      <td
        class="sc-AxiKw cyHeZF"
        data-label="Title"
      >
        <a
          href="https://reactjs.org/blog/2017/12/07/introducing-the-react-rfc-process.html"
          rel="noopener noreferrer"
          target="_blank"
        >
          Introducing the React RFC Process
        </a>
      </td>
      <td
        class="sc-AxiKw dnGOKB"
        data-label="Actions"
      >
        <button
          class="sc-AxhCb bzqWB"
          type="button"
        >
          Edit
        </button>
        <button
          class="sc-AxhCb iPDvrL"
          type="button"
        >
          Delete
        </button>
      </td>
    </tr>
  </tbody>
</table>
`;
