// Jest Snapshot v1, https://goo.gl/fbAQLP

exports[`FallbackLoading renders without crashing 1`] = `
<div
  class="sc-AxjAm foMttB"
>
  <p>
    Loading...
  </p>
</div>
`;
