// Jest Snapshot v1, https://goo.gl/fbAQLP

exports[`TableColumn renders without crashing 1`] = `
<td
  class="sc-AxjAm ePbalm"
  data-label="Name"
>
  John Doe
</td>
`;
