// Jest Snapshot v1, https://goo.gl/fbAQLP

exports[`ButtonAction renders without crashing 1`] = `
<button
  class="sc-AykKC kTcdEt"
  type="button"
>
  Edit
</button>
`;
