// Jest Snapshot v1, https://goo.gl/fbAQLP

exports[`FormInput renders without crashing 1`] = `
<InputElement
  autoFocus={false}
  className="form-group__control"
  disabled={false}
  formatChars={
    Object {
      "9": "[0-9]",
      "?": "[0-9]",
    }
  }
  id="test"
  mask=""
  maskChar={null}
  name="test"
  onBlur={[MockFunction]}
  onFocus={[MockFunction]}
  placeholder="A placeholder"
  type="text"
  value=""
/>
`;
