// Jest Snapshot v1, https://goo.gl/fbAQLP

exports[`PageNavigation renders without crashing 1`] = `
<div
  class="sc-AykKC dMKcac"
>
  <ul>
    <li>
      <a
        href="/home"
      >
        Home
      </a>
    </li>
  </ul>
</div>
`;
