// Jest Snapshot v1, https://goo.gl/fbAQLP

exports[`BookmarkForm renders without crashing 1`] = `
<form
  autocomplete="off"
  class="sc-AxjAm hYYXIy"
  novalidate=""
>
  <fieldset>
    <legend
      class="sc-AxirZ dBtpcc"
    >
      A legend
    </legend>
    <div
      class="sc-AxiKw bLDZyO"
    >
      <label
        class="sc-AxhCb ieTFEo"
        for="title"
      >
        Title
      </label>
      <input
        class="sc-AxhUy ePtFHq"
        id="title"
        name="title"
        placeholder="Title"
        type="text"
        value=""
      />
    </div>
    <div
      class="sc-AxiKw bLDZyO"
    >
      <label
        class="sc-AxhCb ieTFEo"
        for="url"
      >
        Url
      </label>
      <input
        class="sc-AxhUy ePtFHq"
        id="url"
        name="url"
        placeholder="Url"
        type="url"
        value=""
      />
    </div>
    <div>
      <button
        class="sc-AxheI dSQsuG"
        type="submit"
      >
        Save
      </button>
      <a
        href="/bookmarks"
      >
        Cancel
      </a>
    </div>
  </fieldset>
</form>
`;
