// Jest Snapshot v1, https://goo.gl/fbAQLP

exports[`BookmarkForm renders without crashing 1`] = `
<ReactFinalForm
  initialValues={
    Object {
      "title": "",
      "url": "",
    }
  }
  onSubmit={[MockFunction]}
  render={[Function]}
/>
`;
