// Jest Snapshot v1, https://goo.gl/fbAQLP

exports[`MainHeader renders without crashing 1`] = `
<header
  class="sc-AykKC iYFxAq"
>
  <div
    class="sc-AykKD enPysH"
  >
    <ul>
      <li>
        Test
      </li>
    </ul>
  </div>
</header>
`;
