// Jest Snapshot v1, https://goo.gl/fbAQLP

exports[`MainHeader renders without crashing 1`] = `
<header
  className="main-header"
>
  <div
    className="main-header__container"
  >
    <p>
      Lorem Ipsum
    </p>
  </div>
</header>
`;
