// Jest Snapshot v1, https://goo.gl/fbAQLP

exports[`ButtonSubmit renders without crashing 1`] = `
<button
  class="sc-AxjAm hNPono"
  type="submit"
>
  Save
</button>
`;
