// Jest Snapshot v1, https://goo.gl/fbAQLP

exports[`ButtonLink renders without crashing 1`] = `
<button
  class="sc-AykKC hSJRhy"
  type="button"
>
  Edit
</button>
`;
