// Jest Snapshot v1, https://goo.gl/fbAQLP

exports[`MainNavigation renders without crashing 1`] = `
<nav
  class="sc-AykKC hQOHmu"
>
  <ul>
    <li
      class="sc-AykKD cioBDT"
    >
      <a
        href="/home"
      >
        Home
      </a>
    </li>
  </ul>
</nav>
`;
