// Jest Snapshot v1, https://goo.gl/fbAQLP

exports[`PageSection renders without crashing 1`] = `
<section
  class="sc-AxjAm inGCDL"
>
  <h1
    class="sc-AxirZ eDrklV"
  >
    A title
  </h1>
  <p>
    Lorem Ipsum
  </p>
</section>
`;
