// Jest Snapshot v1, https://goo.gl/fbAQLP

exports[`PageSection renders without crashing 1`] = `
<section
  className="page-section"
>
  <h1
    className="page-section__title"
  >
    A title
  </h1>
  <p>
    Lorem Ipsum
  </p>
</section>
`;
